// Vitest Snapshot v1, https://vitest.dev/guide/snapshot.html

exports[`Node > children 1`] = `
{
  "children": [
    {
      "children": [],
      "componentName": "button",
      "id": "buttonId",
      "isContainer": false,
      "passProps": {
        "style": {},
      },
    },
  ],
  "componentName": "rect",
  "id": "rectId",
  "isContainer": false,
  "passProps": {
    "style": {
      "height": 844,
      "width": 390,
    },
  },
}
`;
